// Jest Snapshot v1, https://goo.gl/fbAQLP

exports[`Color Color Component should match the snapshot 1`] = `
<div
  className="Color"
  style={
    Object {
      "backgroundColor": undefined,
    }
  }
>
  <div
    className="LockBtn"
  >
    <button
      className="handleLockClick"
      onClick={[Function]}
    >
      <img
        className="Lock"
        src="unlock-alt-solid.svg"
      />
    </button>
  </div>
  <div
    className="ColorCode"
  >
    <h3 />
  </div>
</div>
`;
