// Jest Snapshot v1, https://goo.gl/fbAQLP

exports[`ProjectInfo ProjectInfo Component should match the snapshot 1`] = `
<div
  className="ProjectInfo"
>
  <section
    className="Project-Info-Header"
  >
    <h3>
      Test Project Title
    </h3>
    <button
      className="DeleteBtn"
      onClick={[Function]}
    >
      <i
        className="fas fa-trash-alt"
      />
    </button>
  </section>
  <ConnectFunction
    color_1="#93125a"
    color_2="#ffffff"
    color_3="#f13470"
    color_4="#80064e"
    color_5="#423c52"
    id={15}
    key="Mikes Pal"
    name="Mikes Pal"
    project_id={8}
  />
</div>
`;
